C51 COMPILER V9.59.0.0   DC_MOTOR_UART                                                     04/22/2026 23:01:12 PAGE 1   


C51 COMPILER V9.59.0.0, COMPILATION OF MODULE DC_MOTOR_UART
OBJECT MODULE PLACED IN .\Objects\Dc_Motor_UART.obj
COMPILER INVOKED BY: C:\Keil_v5\C51\BIN\C51.EXE Dc_Motor_UART.c OPTIMIZE(8,SPEED) BROWSE DEBUG OBJECTEXTEND PRINT(.\List
                    -ings\Dc_Motor_UART.lst) TABS(2) OBJECT(.\Objects\Dc_Motor_UART.obj)

line level    source

   1          /*Hence TMOD |=0x20; (or) TMOD =0b00100000;
   2                     _________________________________________
   3                     | B7 | B6 | B5 | B4 | B3 | B2 | B1 | B0 |
   4                     -----------------------------------------
   5                     |Gate| C/T| M1 | M0 |Gate| C/T| M1 | M0 |
   6                     -----------------------------------------
   7                     | 0  |  0 |  1 |  0 |  0 |  0 |  0 |  0 |
   8                     ------------------------------------------
   9              SCON=OX50; or SCON=0b01010000;
  10                     ------------------------------------------
  11                     | SM0| SM1| SM2| REN| TB8| RB8| TI | RI |
  12                     -----------------------------------------
  13                     | 0  |  1 |  0 |  1 |  0 |  0 |  0 |  0 |
  14                     ------------------------------------------
  15          
  16          REFER PAGE NUMBER 26 OF INTEL 8051 USER MANUAL IN FOLDER 8051 DATASHEET*/
  17          #include<reg51.h>
  18          #include<uart.h>
  19          void timer_delay(int);
  20          char tx_data,speed=0;
  21          bit flag=0;
  22          void ISR_Speed(void)interrupt 0
  23          {
  24   1        if(speed<5)
  25   1          speed++;
  26   1        if(speed==5)
  27   1          speed=1;
  28   1        tx_data=speed+'0';
  29   1        
  30   1      
  31   1      }
  32          void ISR_Direct(void)interrupt 2
  33          {
  34   1        flag=~flag;
  35   1        if(flag==0)
  36   1        {
  37   2          tx_data='A';
  38   2        }
  39   1        else
  40   1        {
  41   2          tx_data='B';
  42   2        }
  43   1      }
  44          void main()
  45          {
  46   1        UART_Init();
  47   1        EA=1;
  48   1        EX0=1;
  49   1        EX1=1;
  50   1        IT0=1;
  51   1        IT1=1;
  52   1        while(1)
  53   1        {
  54   2          UART_Tx(tx_data);
C51 COMPILER V9.59.0.0   DC_MOTOR_UART                                                     04/22/2026 23:01:12 PAGE 2   

  55   2        }
  56   1      }
  57          
  58          
  59          


MODULE INFORMATION:   STATIC OVERLAYABLE
   CODE SIZE        =     95    ----
   CONSTANT SIZE    =   ----    ----
   XDATA SIZE       =   ----    ----
   PDATA SIZE       =   ----    ----
   DATA SIZE        =      2    ----
   IDATA SIZE       =   ----    ----
   BIT SIZE         =      1    ----
END OF MODULE INFORMATION.


C51 COMPILATION COMPLETE.  0 WARNING(S),  0 ERROR(S)
