BL51 BANKED LINKER/LOCATER V6.22.2.0                                                    04/22/2026  23:01:13  PAGE 1


BL51 BANKED LINKER/LOCATER V6.22.2.0, INVOKED BY:
C:\KEIL_V5\C51\BIN\BL51.EXE .\Objects\STARTUP.obj, .\Objects\Dc_Motor_UART.obj, .\Objects\delay.obj, .\Objects\uart.obj 
>> TO .\Objects\Dc_Motor_UART PRINT (.\Listings\Dc_Motor_UART.m51)


MEMORY MODEL: SMALL


INPUT MODULES INCLUDED:
  .\Objects\STARTUP.obj (?C_STARTUP)
  .\Objects\Dc_Motor_UART.obj (DC_MOTOR_UART)
  .\Objects\delay.obj (DELAY)
  .\Objects\uart.obj (UART)
  C:\KEIL_V5\C51\LIB\C51S.LIB (?C_INIT)


LINK MAP OF MODULE:  .\Objects\Dc_Motor_UART (?C_STARTUP)


            TYPE    BASE      LENGTH    RELOCATION   SEGMENT NAME
            -----------------------------------------------------

            * * * * * * *   D A T A   M E M O R Y   * * * * * * *
            REG     0000H     0008H     ABSOLUTE     "REG BANK 0"
            DATA    0008H     0002H     UNIT         ?DT?DC_MOTOR_UART
                    000AH     0016H                  *** GAP ***
            BIT     0020H.0   0000H.1   UNIT         ?BI?DC_MOTOR_UART
                    0020H.1   0000H.7                *** GAP ***
            IDATA   0021H     0001H     UNIT         ?STACK

            * * * * * * *   C O D E   M E M O R Y   * * * * * * *
            CODE    0000H     0003H     ABSOLUTE     
            CODE    0003H     0003H     ABSOLUTE     
                    0006H     000DH                  *** GAP ***
            CODE    0013H     0003H     ABSOLUTE     
                    0016H     07EAH                  *** GAP ***
            CODE    0800H     008CH     UNIT         ?C_C51STARTUP
            CODE    088CH     003EH     UNIT         ?PR?ISR_SPEED?DC_MOTOR_UART
            CODE    08CAH     0020H     UNIT         ?PR?_DELAY?DELAY
            CODE    08EAH     0014H     UNIT         ?PR?MAIN?DC_MOTOR_UART
            CODE    08FEH     000DH     UNIT         ?PR?ISR_DIRECT?DC_MOTOR_UART
            CODE    090BH     000CH     UNIT         ?PR?UART_INIT?UART
            CODE    0917H     0008H     UNIT         ?PR?_UART_TX?UART
            CODE    091FH     0008H     UNIT         ?PR?UART_RX?UART
            CODE    0927H     0006H     UNIT         ?C_INITSEG



OVERLAY MAP OF MODULE:   .\Objects\Dc_Motor_UART (?C_STARTUP)


SEGMENT
  +--> CALLED SEGMENT
---------------------
?C_C51STARTUP
  +--> ?PR?MAIN?DC_MOTOR_UART
  +--> ?C_INITSEG

BL51 BANKED LINKER/LOCATER V6.22.2.0                                                  04/22/2026  23:01:13  PAGE 2


?PR?MAIN?DC_MOTOR_UART
  +--> ?PR?UART_INIT?UART
  +--> ?PR?_UART_TX?UART



SYMBOL TABLE OF MODULE:  .\Objects\Dc_Motor_UART (?C_STARTUP)

  VALUE           TYPE          NAME
  ----------------------------------

  -------         MODULE        ?C_STARTUP
  C:0800H         SEGMENT       ?C_C51STARTUP
  I:0021H         SEGMENT       ?STACK
  C:0000H         PUBLIC        ?C_STARTUP
  D:00E0H         SYMBOL        ACC
  D:00F0H         SYMBOL        B
  D:0083H         SYMBOL        DPH
  D:0082H         SYMBOL        DPL
  N:0000H         SYMBOL        IBPSTACK
  N:0100H         SYMBOL        IBPSTACKTOP
  N:0080H         SYMBOL        IDATALEN
  C:0803H         SYMBOL        IDATALOOP
  N:0000H         SYMBOL        PBPSTACK
  N:0100H         SYMBOL        PBPSTACKTOP
  N:0000H         SYMBOL        PDATALEN
  N:0000H         SYMBOL        PDATASTART
  N:0000H         SYMBOL        PPAGE
  N:0000H         SYMBOL        PPAGEENABLE
  D:00A0H         SYMBOL        PPAGE_SFR
  D:0081H         SYMBOL        SP
  C:0800H         SYMBOL        STARTUP1
  N:0000H         SYMBOL        XBPSTACK
  N:0000H         SYMBOL        XBPSTACKTOP
  N:0000H         SYMBOL        XDATALEN
  N:0000H         SYMBOL        XDATASTART
  C:0000H         LINE#         126
  C:0800H         LINE#         133
  C:0802H         LINE#         134
  C:0803H         LINE#         135
  C:0804H         LINE#         136
  C:0806H         LINE#         185
  C:0809H         LINE#         196
  -------         ENDMOD        ?C_STARTUP

  -------         MODULE        DC_MOTOR_UART
  C:0000H         SYMBOL        _ICE_DUMMY_
  B:00A8H.7       PUBLIC        EA
  D:0008H         PUBLIC        speed
  B:0020H.0       PUBLIC        flag
  C:08EAH         PUBLIC        main
  C:08FEH         PUBLIC        ISR_Direct
  C:088CH         PUBLIC        ISR_Speed
  B:00A8H.0       PUBLIC        EX0
  B:0088H.0       PUBLIC        IT0
  B:00A8H.2       PUBLIC        EX1
  B:0088H.2       PUBLIC        IT1
BL51 BANKED LINKER/LOCATER V6.22.2.0                                                  04/22/2026  23:01:13  PAGE 3


  D:0009H         PUBLIC        tx_data
  -------         PROC          ISR_SPEED
  C:088CH         LINE#         22
  C:0897H         LINE#         24
  C:08A9H         LINE#         25
  C:08ABH         LINE#         26
  C:08B8H         LINE#         27
  C:08BBH         LINE#         28
  C:08C1H         LINE#         31
  -------         ENDPROC       ISR_SPEED
  -------         PROC          ISR_DIRECT
  C:08FEH         LINE#         32
  C:08FEH         LINE#         34
  C:0900H         LINE#         35
  C:0903H         LINE#         36
  C:0903H         LINE#         37
  C:0906H         LINE#         38
  C:0907H         LINE#         40
  C:0907H         LINE#         41
  C:090AH         LINE#         42
  C:090AH         LINE#         43
  -------         ENDPROC       ISR_DIRECT
  -------         PROC          MAIN
  C:08EAH         LINE#         44
  C:08EAH         LINE#         45
  C:08EAH         LINE#         46
  C:08EDH         LINE#         47
  C:08EFH         LINE#         48
  C:08F1H         LINE#         49
  C:08F3H         LINE#         50
  C:08F5H         LINE#         51
  C:08F7H         LINE#         52
  C:08F7H         LINE#         53
  C:08F7H         LINE#         54
  C:08FCH         LINE#         55
  -------         ENDPROC       MAIN
  -------         ENDMOD        DC_MOTOR_UART

  -------         MODULE        DELAY
  C:0000H         SYMBOL        _ICE_DUMMY_
  C:08CAH         PUBLIC        _delay
  -------         PROC          _DELAY
  D:0006H         SYMBOL        time
  -------         DO            
  D:0004H         SYMBOL        i
  D:0002H         SYMBOL        j
  -------         ENDDO         
  C:08CAH         LINE#         4
  C:08CAH         LINE#         5
  C:08CAH         LINE#         7
  C:08D4H         LINE#         8
  C:08E9H         LINE#         9
  -------         ENDPROC       _DELAY
  -------         ENDMOD        DELAY

  -------         MODULE        UART
  C:0000H         SYMBOL        _ICE_DUMMY_
BL51 BANKED LINKER/LOCATER V6.22.2.0                                                  04/22/2026  23:01:13  PAGE 4


  B:0098H.0       PUBLIC        RI
  B:0098H.1       PUBLIC        TI
  D:0099H         PUBLIC        SBUF
  C:090BH         PUBLIC        UART_Init
  D:0098H         PUBLIC        SCON
  D:0089H         PUBLIC        TMOD
  D:008DH         PUBLIC        TH1
  B:0088H.6       PUBLIC        TR1
  C:091FH         PUBLIC        UART_Rx
  C:0917H         PUBLIC        _UART_Tx
  -------         PROC          UART_INIT
  C:090BH         LINE#         4
  C:090BH         LINE#         5
  C:090BH         LINE#         6
  C:090EH         LINE#         7
  C:0911H         LINE#         8
  C:0914H         LINE#         9
  C:0916H         LINE#         10
  -------         ENDPROC       UART_INIT
  -------         PROC          _UART_TX
  D:0007H         SYMBOL        Tx_data
  C:0917H         LINE#         11
  C:0917H         LINE#         12
  C:0917H         LINE#         13
  C:0919H         LINE#         14
  C:091CH         LINE#         15
  C:091EH         LINE#         16
  -------         ENDPROC       _UART_TX
  -------         PROC          UART_RX
  C:091FH         LINE#         17
  C:091FH         LINE#         18
  C:091FH         LINE#         19
  C:0922H         LINE#         20
  C:0924H         LINE#         21
  C:0926H         LINE#         22
  -------         ENDPROC       UART_RX
  -------         ENDMOD        UART

*** WARNING L16: UNCALLED SEGMENT, IGNORED FOR OVERLAY PROCESS
    SEGMENT: ?PR?_DELAY?DELAY

*** WARNING L16: UNCALLED SEGMENT, IGNORED FOR OVERLAY PROCESS
    SEGMENT: ?PR?UART_RX?UART

******************************************************************************
* RESTRICTED VERSION WITH 0800H BYTE CODE SIZE LIMIT; USED: 00B5H BYTE ( 8%) *
******************************************************************************

Program Size: data=11.1 xdata=0 code=310
LINK/LOCATE RUN COMPLETE.  2 WARNING(S),  0 ERROR(S)
