C51 COMPILER V9.59.0.0   UART                                                              04/22/2026 23:12:50 PAGE 1   


C51 COMPILER V9.59.0.0, COMPILATION OF MODULE UART
OBJECT MODULE PLACED IN .\Objects\uart.obj
COMPILER INVOKED BY: C:\Keil_v5\C51\BIN\C51.EXE uart.c OPTIMIZE(8,SPEED) BROWSE DEBUG OBJECTEXTEND PRINT(.\Listings\uart
                    -.lst) TABS(2) OBJECT(.\Objects\uart.obj)

line level    source

   1          #include<reg51.h>
   2          #include<delay.h>
   3          #include<uart.h>
   4          void UART_Init(void)
   5          {
   6   1        SCON=0x50;
   7   1        TMOD|=0x20;
   8   1        TH1=0xFD;
   9   1        TR1=1;
  10   1      }
  11          void UART_Tx(char Tx_data)
  12          {
  13   1        SBUF=Tx_data;
  14   1        while(TI==0);
  15   1        TI=0;
  16   1      }
  17          char UART_Rx()
  18          {
  19   1        while(RI==0);
  20   1        RI=0;
  21   1        return SBUF;
  22   1      }
  23          
  24          


MODULE INFORMATION:   STATIC OVERLAYABLE
   CODE SIZE        =     28    ----
   CONSTANT SIZE    =   ----    ----
   XDATA SIZE       =   ----    ----
   PDATA SIZE       =   ----    ----
   DATA SIZE        =   ----    ----
   IDATA SIZE       =   ----    ----
   BIT SIZE         =   ----    ----
END OF MODULE INFORMATION.


C51 COMPILATION COMPLETE.  0 WARNING(S),  0 ERROR(S)
